\BOOKMARK [1][-]{section.1}{\376\377\004\020\004\072\004\102\004\103\004\060\004\073\004\114\004\075\004\126\004\101\004\102\004\114\000\040\004\102\004\065\004\074\004\070}{}% 1
\BOOKMARK [1][-]{section.2}{\376\377\004\034\004\065\004\102\004\060\000\040\004\102\004\060\000\040\004\067\004\060\004\062\004\064\004\060\004\075\004\075\004\117\000\040\004\100\004\076\004\061\004\076\004\102\004\070}{}% 2
\BOOKMARK [1][-]{section.3}{\376\377\004\037\004\076\004\101\004\102\004\060\004\075\004\076\004\062\004\072\004\060\000\040\004\067\004\060\004\064\004\060\004\107\004\126\000\040\000V\000R\000P\000T\000W}{}% 3
\BOOKMARK [2][-]{subsection.3.1}{\376\377\004\037\004\060\004\100\004\060\004\074\004\065\004\102\004\100\004\070\000\040\004\110\004\102\004\100\004\060\004\104\004\126\004\062}{section.3}% 4
\BOOKMARK [1][-]{section.4}{\376\377\004\036\004\077\004\070\004\101\000\040\004\060\004\073\004\063\004\076\004\100\004\070\004\102\004\074\004\103\000\040\000A\000n\000t\000\040\000C\000o\000l\000o\000n\000y\000\040\000O\000p\000t\000i\000m\000i\000z\000a\000t\000i\000o\000n}{}% 5
\BOOKMARK [2][-]{subsection.4.1}{\376\377\004\027\004\060\004\063\004\060\004\073\004\114\004\075\004\060\000\040\004\126\004\064\004\065\004\117\000\040\000A\000C\000O}{section.4}% 6
\BOOKMARK [2][-]{subsection.4.2}{\376\377\004\024\004\065\004\102\004\060\004\073\004\126\000\040\004\100\004\065\004\060\004\073\004\126\004\067\004\076\004\062\004\060\004\075\004\076\004\127\000\040\004\074\004\076\004\064\004\070\004\104\004\126\004\072\004\060\004\106\004\126\004\127}{section.4}% 7
\BOOKMARK [3][-]{subsubsection.4.2.1}{\376\377\004\041\004\102\004\100\004\103\004\072\004\102\004\103\004\100\004\070\000\040\004\064\004\060\004\075\004\070\004\105}{subsection.4.2}% 8
\BOOKMARK [3][-]{subsubsection.4.2.2}{\376\377\004\037\004\060\004\100\004\060\004\074\004\065\004\102\004\100\004\070\000\040\004\060\004\073\004\063\004\076\004\100\004\070\004\102\004\074\004\103}{subsection.4.2}% 9
\BOOKMARK [3][-]{subsubsection.4.2.3}{\376\377\004\032\004\100\004\076\004\072\000\040\004\077\004\076\004\061\004\103\004\064\004\076\004\062\004\070\000\040\004\102\004\103\004\100\004\103}{subsection.4.2}% 10
\BOOKMARK [3][-]{subsubsection.4.2.4}{\376\377\004\023\004\073\004\076\004\061\004\060\004\073\004\114\004\075\004\065\000\040\004\076\004\075\004\076\004\062\004\073\004\065\004\075\004\075\004\117\000\040\004\104\004\065\004\100\004\076\004\074\004\076\004\075\004\103}{subsection.4.2}% 11
\BOOKMARK [3][-]{subsubsection.4.2.5}{\376\377\004\032\004\100\004\070\004\102\004\065\004\100\004\126\004\071\000\040\004\067\004\103\004\077\004\070\004\075\004\072\004\070}{subsection.4.2}% 12
\BOOKMARK [3][-]{subsubsection.4.2.6}{\376\377\004\027\004\060\004\077\004\070\004\101\000\040\004\126\004\101\004\102\004\076\004\100\004\126\004\127}{subsection.4.2}% 13
\BOOKMARK [3][-]{subsubsection.4.2.7}{\376\377\004\037\004\076\004\062\004\065\004\100\004\075\004\065\004\075\004\065\000\040\004\067\004\075\004\060\004\107\004\065\004\075\004\075\004\117}{subsection.4.2}% 14
\BOOKMARK [1][-]{section.5}{\376\377\004\036\004\077\004\070\004\101\000\040\004\060\004\073\004\063\004\076\004\100\004\070\004\102\004\074\004\103\000\040\000G\000e\000n\000e\000t\000i\000c\000\040\000A\000l\000g\000o\000r\000i\000t\000h\000m\000\040\000\050\000G\000A\000\051}{}% 15
\BOOKMARK [2][-]{subsection.5.1}{\376\377\004\027\004\060\004\063\004\060\004\073\004\114\004\075\004\060\000\040\004\126\004\064\004\065\004\117\000\040\000G\000A}{section.5}% 16
\BOOKMARK [2][-]{subsection.5.2}{\376\377\004\024\004\065\004\102\004\060\004\073\004\126\000\040\004\100\004\065\004\060\004\073\004\126\004\067\004\076\004\062\004\060\004\075\004\076\004\127\000\040\004\074\004\076\004\064\004\070\004\104\004\126\004\072\004\060\004\106\004\126\004\127}{section.5}% 17
\BOOKMARK [3][-]{subsubsection.5.2.1}{\376\377\004\041\004\102\004\100\004\103\004\072\004\102\004\103\004\100\004\070\000\040\004\064\004\060\004\075\004\070\004\105}{subsection.5.2}% 18
\BOOKMARK [3][-]{subsubsection.5.2.2}{\376\377\004\037\004\060\004\100\004\060\004\074\004\065\004\102\004\100\004\070\000\040\004\060\004\073\004\063\004\076\004\100\004\070\004\102\004\074\004\103}{subsection.5.2}% 19
\BOOKMARK [3][-]{subsubsection.5.2.3}{\376\377\004\036\004\077\004\065\004\100\004\060\004\102\004\076\004\100\004\070}{subsection.5.2}% 20
\BOOKMARK [3][-]{subsubsection.5.2.4}{\376\377\004\032\004\100\004\070\004\102\004\065\004\100\004\126\004\071\000\040\004\067\004\103\004\077\004\070\004\075\004\072\004\070}{subsection.5.2}% 21
\BOOKMARK [3][-]{subsubsection.5.2.5}{\376\377\004\027\004\060\004\077\004\070\004\101\000\040\004\126\004\101\004\102\004\076\004\100\004\126\004\127}{subsection.5.2}% 22
\BOOKMARK [3][-]{subsubsection.5.2.6}{\376\377\004\037\004\076\004\062\004\065\004\100\004\075\004\065\004\075\004\065\000\040\004\067\004\075\004\060\004\107\004\065\004\075\004\075\004\117}{subsection.5.2}% 23
\BOOKMARK [1][-]{section.6}{\376\377\004\036\004\077\004\070\004\101\000\040\004\060\004\073\004\063\004\076\004\100\004\070\004\102\004\074\004\103\000\040\000T\000a\000b\000u\000\040\000S\000e\000a\000r\000c\000h}{}% 24
\BOOKMARK [2][-]{subsection.6.1}{\376\377\004\027\004\060\004\063\004\060\004\073\004\114\004\075\004\060\000\040\004\126\004\064\004\065\004\117\000\040\000T\000a\000b\000u\000\040\000S\000e\000a\000r\000c\000h}{section.6}% 25
\BOOKMARK [2][-]{subsection.6.2}{\376\377\004\024\004\065\004\102\004\060\004\073\004\126\000\040\004\100\004\065\004\060\004\073\004\126\004\067\004\076\004\062\004\060\004\075\004\076\004\127\000\040\004\074\004\076\004\064\004\070\004\104\004\126\004\072\004\060\004\106\004\126\004\127}{section.6}% 26
\BOOKMARK [3][-]{subsubsection.6.2.1}{\376\377\004\041\004\102\004\100\004\103\004\072\004\102\004\103\004\100\004\070\000\040\004\064\004\060\004\075\004\070\004\105}{subsection.6.2}% 27
\BOOKMARK [3][-]{subsubsection.6.2.2}{\376\377\004\037\004\060\004\100\004\060\004\074\004\065\004\102\004\100\004\070\000\040\004\060\004\073\004\063\004\076\004\100\004\070\004\102\004\074\004\103}{subsection.6.2}% 28
\BOOKMARK [3][-]{subsubsection.6.2.3}{\376\377\004\041\004\103\004\101\004\126\004\064\004\101\004\102\004\062\004\076}{subsection.6.2}% 29
\BOOKMARK [3][-]{subsubsection.6.2.4}{\376\377\004\020\004\073\004\063\004\076\004\100\004\070\004\102\004\074\000\040\004\076\004\064\004\075\004\126\004\124\004\127\000\040\004\126\004\102\004\065\004\100\004\060\004\106\004\126\004\127}{subsection.6.2}% 30
\BOOKMARK [3][-]{subsubsection.6.2.5}{\376\377\004\027\004\060\004\077\004\070\004\101\000\040\004\126\004\101\004\102\004\076\004\100\004\126\004\127}{subsection.6.2}% 31
\BOOKMARK [3][-]{subsubsection.6.2.6}{\376\377\004\032\004\100\004\070\004\102\004\065\004\100\004\126\004\071\000\040\004\067\004\103\004\077\004\070\004\075\004\072\004\070}{subsection.6.2}% 32
\BOOKMARK [3][-]{subsubsection.6.2.7}{\376\377\004\037\004\076\004\062\004\065\004\100\004\075\004\065\004\075\004\065\000\040\004\067\004\075\004\060\004\107\004\065\004\075\004\075\004\117}{subsection.6.2}% 33
\BOOKMARK [1][-]{section.7}{\376\377\004\025\004\072\004\101\004\077\004\065\004\100\004\070\004\074\004\065\004\075\004\102\004\060\004\073\004\114\004\075\004\060\000\040\004\107\004\060\004\101\004\102\004\070\004\075\004\060}{}% 34
\BOOKMARK [2][-]{subsection.7.1}{\376\377\004\035\004\060\004\073\004\060\004\110\004\102\004\103\004\062\004\060\004\075\004\075\004\117\000\040\004\102\004\065\004\101\004\102\004\126\004\062}{section.7}% 35
\BOOKMARK [2][-]{subsection.7.2}{\376\377\004\036\004\077\004\070\004\101\000\040\004\126\004\075\004\101\004\102\004\060\004\075\004\101\004\126\004\062\000\040\000S\000o\000l\000o\000m\000o\000n}{section.7}% 36
\BOOKMARK [2][-]{subsection.7.3}{\376\377\004\040\004\065\004\067\004\103\004\073\004\114\004\102\004\060\004\102\004\070}{section.7}% 37
\BOOKMARK [1][-]{section.8}{\376\377\004\024\004\065\004\117\004\072\004\126\000\040\004\063\004\100\004\060\004\104\004\126\004\072\004\070\000\040\004\067\004\061\004\126\004\066\004\075\004\076\004\101\004\102\004\126\000\040\004\102\004\060\000\040\004\074\004\060\004\100\004\110\004\100\004\103\004\102\004\126\004\062\000\050\004\126\004\075\004\101\004\102\004\060\004\075\004\101\000\040\000r\0001\0000\0001\000\051}{}% 38
\BOOKMARK [1][-]{section.9}{\376\377\004\022\004\070\004\101\004\075\004\076\004\062\004\072\004\070}{}% 39
